// Jest Snapshot v1, https://goo.gl/fbAQLP

exports[`Button Matches previous snapshot 1`] = `
<button
  className="button-l4um5n-0 cftsCa"
/>
`;
